// Jest Snapshot v1, https://goo.gl/fbAQLP

exports[`AppController (e2e) /v1/payment/2021-01-01 (GET) returns CSV file for parameter format=csv for 2021-01-01 1`] = `
Object {
  "data": Array [
    66,
    111,
    110,
    117,
    115,
    32,
    112,
    97,
    121,
    109,
    101,
    110,
    116,
    32,
    100,
    97,
    116,
    101,
    44,
    66,
    97,
    115,
    101,
    32,
    115,
    97,
    108,
    97,
    114,
    121,
    32,
    112,
    97,
    121,
    109,
    101,
    110,
    116,
    32,
    100,
    97,
    116,
    101,
    10,
    50,
    48,
    50,
    49,
    45,
    48,
    49,
    45,
    49,
    53,
    44,
    50,
    48,
    50,
    49,
    45,
    48,
    49,
    45,
    50,
    57,
    10,
    50,
    48,
    50,
    49,
    45,
    48,
    50,
    45,
    49,
    53,
    44,
    50,
    48,
    50,
    49,
    45,
    48,
    50,
    45,
    50,
    54,
    10,
    50,
    48,
    50,
    49,
    45,
    48,
    51,
    45,
    49,
    53,
    44,
    50,
    48,
    50,
    49,
    45,
    48,
    51,
    45,
    51,
    49,
    10,
    50,
    48,
    50,
    49,
    45,
    48,
    52,
    45,
    49,
    53,
    44,
    50,
    48,
    50,
    49,
    45,
    48,
    52,
    45,
    51,
    48,
    10,
    50,
    48,
    50,
    49,
    45,
    48,
    53,
    45,
    49,
    57,
    44,
    50,
    48,
    50,
    49,
    45,
    48,
    53,
    45,
    51,
    49,
    10,
    50,
    48,
    50,
    49,
    45,
    48,
    54,
    45,
    49,
    53,
    44,
    50,
    48,
    50,
    49,
    45,
    48,
    54,
    45,
    51,
    48,
    10,
    50,
    48,
    50,
    49,
    45,
    48,
    55,
    45,
    49,
    53,
    44,
    50,
    48,
    50,
    49,
    45,
    48,
    55,
    45,
    51,
    48,
    10,
    50,
    48,
    50,
    49,
    45,
    48,
    56,
    45,
    49,
    56,
    44,
    50,
    48,
    50,
    49,
    45,
    48,
    56,
    45,
    51,
    49,
    10,
    50,
    48,
    50,
    49,
    45,
    48,
    57,
    45,
    49,
    53,
    44,
    50,
    48,
    50,
    49,
    45,
    48,
    57,
    45,
    51,
    48,
    10,
    50,
    48,
    50,
    49,
    45,
    49,
    48,
    45,
    49,
    53,
    44,
    50,
    48,
    50,
    49,
    45,
    49,
    48,
    45,
    50,
    57,
    10,
    50,
    48,
    50,
    49,
    45,
    49,
    49,
    45,
    49,
    53,
    44,
    50,
    48,
    50,
    49,
    45,
    49,
    49,
    45,
    51,
    48,
    10,
    50,
    48,
    50,
    49,
    45,
    49,
    50,
    45,
    49,
    53,
    44,
    50,
    48,
    50,
    49,
    45,
    49,
    50,
    45,
    51,
    49,
    10,
  ],
  "type": "Buffer",
}
`;

exports[`AppController (e2e) /v1/payment/2021-01-01 (GET) returns proper dates for 2021-01-01 1`] = `
Array [
  Object {
    "baseSalaryDate": "2021-01-29",
    "bonusDate": "2021-01-15",
  },
  Object {
    "baseSalaryDate": "2021-02-26",
    "bonusDate": "2021-02-15",
  },
  Object {
    "baseSalaryDate": "2021-03-31",
    "bonusDate": "2021-03-15",
  },
  Object {
    "baseSalaryDate": "2021-04-30",
    "bonusDate": "2021-04-15",
  },
  Object {
    "baseSalaryDate": "2021-05-31",
    "bonusDate": "2021-05-19",
  },
  Object {
    "baseSalaryDate": "2021-06-30",
    "bonusDate": "2021-06-15",
  },
  Object {
    "baseSalaryDate": "2021-07-30",
    "bonusDate": "2021-07-15",
  },
  Object {
    "baseSalaryDate": "2021-08-31",
    "bonusDate": "2021-08-18",
  },
  Object {
    "baseSalaryDate": "2021-09-30",
    "bonusDate": "2021-09-15",
  },
  Object {
    "baseSalaryDate": "2021-10-29",
    "bonusDate": "2021-10-15",
  },
  Object {
    "baseSalaryDate": "2021-11-30",
    "bonusDate": "2021-11-15",
  },
  Object {
    "baseSalaryDate": "2021-12-31",
    "bonusDate": "2021-12-15",
  },
]
`;
